    Updating crates.io index
    Updating git repository `https://github.com/zellij-org/zellij`
From https://github.com/zellij-org/zellij
 * [new ref]           b5a3f27834198cf9017e0926dded4b2739c3d483 -> refs/commit/b5a3f27834198cf9017e0926dded4b2739c3d483
 Downloading crates ...
  Downloaded atomic v0.6.1
  Downloaded atomic-waker v1.1.2
  Downloaded backtrace-ext v0.2.1
  Downloaded async-global-executor v2.4.1
  Downloaded atty v0.2.14
  Downloaded async-channel v1.9.0
  Downloaded autocfg v1.5.0
  Downloaded async-channel v2.5.0
  Downloaded async-executor v1.13.3
  Downloaded async-signal v0.2.13
  Downloaded addr2line v0.25.1
  Downloaded adler2 v2.0.1
  Downloaded same-file v1.0.6
  Downloaded cfg_aliases v0.2.1
  Downloaded scopeguard v1.2.0
  Downloaded dirs-sys v0.5.0
  Downloaded semver v1.0.27
  Downloaded dirs v6.0.0
  Downloaded humantime v2.3.0
  Downloaded errno v0.3.14
  Downloaded event-listener-strategy v0.5.4
  Downloaded heck v0.4.1
  Downloaded async-process v2.5.0
  Downloaded serde v1.0.228
  Downloaded arrayvec v0.5.2
  Downloaded async-task v4.7.1
  Downloaded castaway v0.1.2
  Downloaded cpufeatures v0.2.17
  Downloaded sluice v0.5.5
  Downloaded stable_deref_trait v1.2.1
  Downloaded gloo-timers v0.3.0
  Downloaded futures-task v0.3.31
  Downloaded strsim v0.10.0
  Downloaded crypto-common v0.1.7
  Downloaded fastrand v1.9.0
  Downloaded futures-io v0.3.31
  Downloaded strsim v0.11.1
  Downloaded strum v0.27.2
  Downloaded fixedbitset v0.4.2
  Downloaded dirs-sys v0.4.1
  Downloaded strip-ansi-escapes v0.1.1
  Downloaded wasm-bindgen-shared v0.2.108
  Downloaded wezterm-color-types v0.3.0
  Downloaded futures-core v0.3.31
  Downloaded zerofrom-derive v0.1.6
  Downloaded heck v0.5.0
  Downloaded unicode-xid v0.2.6
  Downloaded tracing-futures v0.2.5
  Downloaded block-buffer v0.10.4
  Downloaded wezterm-blob-leases v0.1.1
  Downloaded vte_generate_state_changes v0.1.2
  Downloaded utf8_iter v1.0.4
  Downloaded yoke-derive v0.8.1
  Downloaded to_method v1.1.0
  Downloaded zerofrom v0.1.6
  Downloaded version_check v0.9.5
  Downloaded crossbeam v0.8.4
  Downloaded fnv v1.0.7
  Downloaded unicode-linebreak v0.1.5
  Downloaded vtparse v0.6.2
  Downloaded cfg-if v1.0.4
  Downloaded fastrand v2.3.0
  Downloaded form_urlencoded v1.2.2
  Downloaded wezterm-dynamic-derive v0.1.1
  Downloaded hex v0.4.3
  Downloaded wasm-bindgen-macro v0.2.108
  Downloaded siphasher v1.0.2
  Downloaded clap_lex v0.2.4
  Downloaded crossbeam-queue v0.3.12
  Downloaded generic-array v0.14.7
  Downloaded waker-fn v1.2.0
  Downloaded bit-set v0.5.3
  Downloaded filedescriptor v0.8.3
  Downloaded bit-vec v0.6.3
  Downloaded include_dir v0.7.4
  Downloaded async-attributes v1.1.2
  Downloaded colorsys v0.6.7
  Downloaded csscolorparser v0.6.2
  Downloaded futures-channel v0.3.31
  Downloaded supports-hyperlinks v2.1.0
  Downloaded async-lock v3.4.2
  Downloaded supports-unicode v2.1.0
  Downloaded is_ci v1.2.0
  Downloaded lazy_static v1.5.0
  Downloaded mac_address v1.1.8
  Downloaded miette-derive v5.10.0
  Downloaded supports-color v2.1.0
  Downloaded piper v0.2.4
  Downloaded idna_adapter v1.2.1
  Downloaded kqueue-sys v1.0.4
  Downloaded signal-hook-registry v1.4.8
  Downloaded slab v0.4.12
  Downloaded mime v0.3.17
  Downloaded terminal_size v0.1.17
  Downloaded concurrent-queue v2.5.0
  Downloaded clap_derive v3.2.25
  Downloaded event-listener v2.5.3
  Downloaded phf_shared v0.11.3
  Downloaded digest v0.10.7
  Downloaded either v1.15.0
  Downloaded option-ext v0.2.0
  Downloaded percent-encoding v2.3.2
  Downloaded is-terminal v0.4.17
  Downloaded find-msvc-tools v0.1.9
  Downloaded proc-macro-error-attr v1.0.4
  Downloaded blocking v1.6.2
  Downloaded crossbeam-deque v0.8.6
  Downloaded bitflags v1.3.2
  Downloaded lab v0.11.0
  Downloaded log-mdc v0.1.0
  Downloaded mock_instant v0.6.0
  Downloaded directories v5.0.1
  Downloaded displaydoc v0.2.5
  Downloaded smawk v0.3.2
  Downloaded parking v2.2.1
  Downloaded filetime v0.2.27
  Downloaded sha2 v0.10.9
  Downloaded core-foundation-sys v0.8.7
  Downloaded shellexpand v3.1.1
  Downloaded walkdir v2.5.0
  Downloaded tokio-macros v2.6.0
  Downloaded zerovec-derive v0.11.2
  Downloaded thiserror-impl v1.0.69
  Downloaded shlex v1.3.0
  Downloaded writeable v0.6.2
  Downloaded memoffset v0.6.5
  Downloaded wezterm-dynamic v0.2.1
  Downloaded ordered-float v4.6.0
  Downloaded strum_macros v0.27.2
  Downloaded prost-derive v0.11.9
  Downloaded synstructure v0.13.2
  Downloaded yoke v0.8.1
  Downloaded termcolor v1.4.1
  Downloaded wasi v0.11.1+wasi-snapshot-preview1
  Downloaded rand_chacha v0.3.1
  Downloaded zmij v1.0.19
  Downloaded termios v0.3.3
  Downloaded thiserror-impl v2.0.18
  Downloaded pin-utils v0.1.0
  Downloaded rustc_version v0.4.1
  Downloaded memoffset v0.9.1
  Downloaded memmem v0.1.1
  Downloaded include_dir_macros v0.7.4
  Downloaded itoa v1.0.17
  Downloaded pin-project-lite v0.2.16
  Downloaded lock_api v0.4.14
  Downloaded colored v2.2.0
  Downloaded potential_utf v0.1.4
  Downloaded utf8parse v0.2.2
  Downloaded thiserror v2.0.18
  Downloaded tinystr v0.8.2
  Downloaded wezterm-input-types v0.1.0
  Downloaded getrandom v0.2.17
  Downloaded pkg-config v0.3.32
  Downloaded quote v1.0.44
  Downloaded ppv-lite86 v0.2.21
  Downloaded kv-log-macro v1.0.7
  Downloaded owo-colors v3.5.0
  Downloaded crossbeam-epoch v0.9.18
  Downloaded pin-project-internal v1.1.10
  Downloaded num-derive v0.4.2
  Downloaded anyhow v1.0.100
  Downloaded lev_distance v0.1.1
  Downloaded rustc-demangle v0.1.27
  Downloaded phf_codegen v0.11.3
  Downloaded bitflags v2.10.0
  Downloaded crossbeam-utils v0.8.21
  Downloaded pest_generator v2.8.5
  Downloaded openssl-probe v0.1.6
  Downloaded wasm-bindgen v0.2.108
  Downloaded thiserror v1.0.69
  Downloaded proc-macro-error v1.0.4
  Downloaded litemap v0.8.1
  Downloaded iana-time-zone v0.1.65
  Downloaded pest_meta v2.8.5
  Downloaded rand_core v0.6.4
  Downloaded tempfile v3.24.0
  Downloaded phf_generator v0.11.3
  Downloaded vte v0.10.1
  Downloaded async-io v2.6.0
  Downloaded rustversion v1.0.22
  Downloaded serde_core v1.0.228
  Downloaded phf v0.11.3
  Downloaded futures-lite v1.13.0
  Downloaded kqueue v1.1.1
  Downloaded futures-lite v2.6.1
  Downloaded parking_lot_core v0.9.12
  Downloaded terminfo v0.9.0
  Downloaded bytemuck v1.25.0
  Downloaded getrandom v0.3.4
  Downloaded names v0.14.0
  Downloaded event-listener v5.4.1
  Downloaded phf_macros v0.11.3
  Downloaded serde_derive v1.0.228
  Downloaded smallvec v1.15.1
  Downloaded signal-hook v0.3.18
  Downloaded socket2 v0.6.2
  Downloaded textwrap v0.16.2
  Downloaded unicode-ident v1.0.22
  Downloaded value-bag v1.12.0
  Downloaded ucd-trie v0.1.7
  Downloaded os_str_bytes v6.6.1
  Downloaded prost v0.11.9
  Downloaded icu_properties v2.1.2
  Downloaded uuid v1.20.0
  Downloaded textwrap v0.15.2
  Downloaded pest_derive v2.8.5
  Downloaded tracing-core v0.1.36
  Downloaded wasm-bindgen-macro-support v0.2.108
  Downloaded once_cell v1.21.3
  Downloaded notify v6.1.1
  Downloaded bytes v1.11.1
  Downloaded finl_unicode v1.4.0
  Downloaded polling v2.8.0
  Downloaded parking_lot v0.12.5
  Downloaded tracing-attributes v0.1.31
  Downloaded wezterm-bidi v0.2.3
  Downloaded zerotrie v0.2.3
  Downloaded typenum v1.19.0
  Downloaded icu_normalizer_data v2.1.1
  Downloaded icu_normalizer v2.1.1
  Downloaded base64 v0.22.1
  Downloaded thread-id v5.1.0
  Downloaded indexmap v1.9.3
  Downloaded icu_provider v2.1.1
  Downloaded suggest v0.4.0
  Downloaded js-sys v0.3.85
  Downloaded backtrace v0.3.76
  Downloaded miniz_oxide v0.8.9
  Downloaded icu_collections v2.1.1
  Downloaded euclid v0.22.13
  Downloaded polling v3.11.0
  Downloaded crossbeam-channel v0.5.15
  Downloaded curl v0.4.49
  Downloaded fancy-regex v0.11.0
  Downloaded log v0.4.29
  Downloaded proc-macro2 v1.0.106
  Downloaded wasm-bindgen-futures v0.4.58
  Downloaded pin-project v1.1.10
  Downloaded url v2.5.8
  Downloaded miette v5.10.0
  Downloaded icu_locale_core v2.1.1
  Downloaded memchr v2.7.6
  Downloaded clap_complete v3.2.5
  Downloaded cc v1.2.55
  Downloaded derive_more v2.1.1
  Downloaded derive_more-impl v2.1.1
  Downloaded http v0.2.12
  Downloaded bumpalo v3.19.1
  Downloaded rand v0.8.5
  Downloaded unicode-segmentation v1.12.0
  Downloaded mio v1.1.1
  Downloaded zerovec v0.11.5
  Downloaded num-traits v0.2.19
  Downloaded minimal-lexical v0.2.1
  Downloaded log4rs v1.4.0
  Downloaded hashbrown v0.12.3
  Downloaded openssl-sys v0.9.111
  Downloaded kdl v4.7.1
  Downloaded serde_json v1.0.149
  Downloaded idna v1.1.0
  Downloaded arc-swap v1.8.1
  Downloaded icu_properties_data v2.1.2
  Downloaded aho-corasick v1.1.4
  Downloaded interprocess v1.2.1
  Downloaded nom v7.1.3
  Downloaded mio v0.8.11
  Downloaded itertools v0.10.5
  Downloaded pest v2.8.5
  Downloaded vcpkg v0.2.15
  Downloaded futures-util v0.3.31
  Downloaded regex v1.12.3
  Downloaded syn v1.0.109
  Downloaded async-std v1.13.2
  Downloaded isahc v1.7.2
  Downloaded nix v0.23.2
  Downloaded unicode-width v0.2.2
  Downloaded clap v3.2.25
  Downloaded unicode-width v0.1.14
  Downloaded chrono v0.4.43
  Downloaded syn v2.0.114
  Downloaded zerocopy v0.8.38
  Downloaded termwiz v0.23.3
  Downloaded gimli v0.32.3
  Downloaded nix v0.29.0
  Downloaded object v0.37.3
  Downloaded tracing v0.1.44
  Downloaded regex-syntax v0.8.9
  Downloaded rustix v1.1.3
  Downloaded libc v0.2.180
  Downloaded tokio v1.49.0
  Downloaded libz-sys v1.1.23
  Downloaded regex-automata v0.4.14
  Downloaded encoding_rs v0.8.35
  Downloaded curl-sys v0.4.85+curl-8.18.0
  Downloaded deltae v0.3.2
  Downloaded libnghttp2-sys v0.1.11+1.64.0
   Compiling proc-macro2 v1.0.106
   Compiling quote v1.0.44
   Compiling unicode-ident v1.0.22
   Compiling libc v0.2.180
   Compiling version_check v0.9.5
   Compiling stable_deref_trait v1.2.1
   Compiling autocfg v1.5.0
   Compiling memchr v2.7.6
   Compiling cfg-if v1.0.4
   Compiling syn v1.0.109
   Compiling typenum v1.19.0
   Compiling writeable v0.6.2
   Compiling litemap v0.8.1
   Compiling object v0.37.3
   Compiling crossbeam-utils v0.8.21
   Compiling serde_core v1.0.228
   Compiling generic-array v0.14.7
   Compiling proc-macro-error-attr v1.0.4
   Compiling icu_normalizer_data v2.1.1
   Compiling adler2 v2.0.1
   Compiling gimli v0.32.3
   Compiling icu_properties_data v2.1.2
   Compiling miniz_oxide v0.8.9
   Compiling syn v2.0.114
   Compiling is-terminal v0.4.17
   Compiling proc-macro-error v1.0.4
   Compiling addr2line v0.25.1
   Compiling rustc-demangle v0.1.27
   Compiling once_cell v1.21.3
   Compiling option-ext v0.2.0
   Compiling synstructure v0.13.2
   Compiling indexmap v1.9.3
   Compiling serde v1.0.228
   Compiling anyhow v1.0.100
   Compiling zmij v1.0.19
   Compiling thiserror v1.0.69
   Compiling smallvec v1.15.1
   Compiling zerofrom-derive v0.1.6
   Compiling yoke-derive v0.8.1
   Compiling zerovec-derive v0.11.2
   Compiling zerofrom v0.1.6
   Compiling displaydoc v0.2.5
   Compiling backtrace v0.3.76
   Compiling serde_derive v1.0.228
   Compiling thiserror-impl v1.0.69
   Compiling memoffset v0.6.5
   Compiling os_str_bytes v6.6.1
   Compiling is_ci v1.2.0
   Compiling smawk v0.3.2
   Compiling yoke v0.8.1
   Compiling either v1.15.0
   Compiling getrandom v0.3.4
   Compiling unicode-width v0.1.14
   Compiling unicode-linebreak v0.1.5
   Compiling hashbrown v0.12.3
   Compiling rustix v1.1.3
   Compiling serde_json v1.0.149
   Compiling bitflags v1.3.2
   Compiling heck v0.4.1
   Compiling zerovec v0.11.5
   Compiling zerotrie v0.2.3
   Compiling clap_derive v3.2.25
   Compiling textwrap v0.15.2
   Compiling tinystr v0.8.2
   Compiling potential_utf v0.1.4
   Compiling icu_locale_core v2.1.1
   Compiling itertools v0.10.5
   Compiling icu_collections v2.1.1
   Compiling clap_lex v0.2.4
   Compiling supports-color v2.1.0
   Compiling backtrace-ext v0.2.1
   Compiling miette-derive v5.10.0
   Compiling block-buffer v0.10.4
   Compiling crypto-common v0.1.7
   Compiling dirs-sys v0.5.0
   Compiling crossbeam-epoch v0.9.18
   Compiling icu_provider v2.1.1
   Compiling supports-unicode v2.1.0
   Compiling supports-hyperlinks v2.1.0
   Compiling terminal_size v0.1.17
   Compiling errno v0.3.14
   Compiling vte_generate_state_changes v0.1.2
   Compiling icu_properties v2.1.2
   Compiling icu_normalizer v2.1.1
   Compiling owo-colors v3.5.0
   Compiling textwrap v0.16.2
   Compiling arrayvec v0.5.2
   Compiling utf8parse v0.2.2
   Compiling bitflags v2.10.0
   Compiling itoa v1.0.17
   Compiling minimal-lexical v0.2.1
   Compiling utf8_iter v1.0.4
   Compiling atty v0.2.14
   Compiling termcolor v1.4.1
   Compiling percent-encoding v2.3.2
   Compiling strsim v0.10.0
   Compiling clap v3.2.25
   Compiling form_urlencoded v1.2.2
   Compiling idna_adapter v1.2.1
   Compiling nom v7.1.3
   Compiling miette v5.10.0
   Compiling idna v1.1.0
   Compiling vte v0.10.1
   Compiling crossbeam-deque v0.8.6
   Compiling prost-derive v0.11.9
   Compiling dirs v6.0.0
   Compiling digest v0.10.7
   Compiling dirs-sys v0.4.1
   Compiling crossbeam-queue v0.3.12
   Compiling crossbeam-channel v0.5.15
   Compiling include_dir_macros v0.7.4
   Compiling lazy_static v1.5.0
   Compiling fastrand v2.3.0
   Compiling bytes v1.11.1
   Compiling heck v0.5.0
   Compiling tempfile v3.24.0
   Compiling strum_macros v0.27.2
   Compiling colored v2.2.0
   Compiling include_dir v0.7.4
   Compiling prost v0.11.9
   Compiling kdl v4.7.1
   Compiling crossbeam v0.8.4
   Compiling uuid v1.20.0
   Compiling directories v5.0.1
   Compiling clap_complete v3.2.5
   Compiling nix v0.23.2
   Compiling sha2 v0.10.9
   Compiling shellexpand v3.1.1
   Compiling strip-ansi-escapes v0.1.1
   Compiling url v2.5.8
   Compiling log v0.4.29
   Compiling strum v0.27.2
   Compiling colorsys v0.6.7
   Compiling activity v0.1.0 (/Users/nico/Code/zellij-vertical-tabs/activity)
   Compiling unicode-width v0.2.2
   Compiling zellij-utils v0.44.0 (https://github.com/zellij-org/zellij?branch=main#b5a3f278)
   Compiling zellij-tile v0.44.0 (https://github.com/zellij-org/zellij?branch=main#b5a3f278)
   Compiling zellij-vertical-tabs v0.1.0 (/Users/nico/Code/zellij-vertical-tabs)
    Finished `release` profile [optimized] target(s) in 1m 19s
